Archive member included to satisfy reference by file (symbol)

/Applications/STM32CubeIDE.app/Contents/Eclipse/plugins/com.st.stm32cube.ide.mcu.externaltools.gnu-tools-for-stm32.11.3.rel1.macos64_1.1.1.202309131626/tools/bin/../lib/gcc/arm-none-eabi/11.3.1/../../../../arm-none-eabi/lib/thumb/v8-m.main+fp/hard/libc_nano.a(libc_a-exit.o)
                              /Applications/STM32CubeIDE.app/Contents/Eclipse/plugins/com.st.stm32cube.ide.mcu.externaltools.gnu-tools-for-stm32.11.3.rel1.macos64_1.1.1.202309131626/tools/bin/../lib/gcc/arm-none-eabi/11.3.1/../../../../arm-none-eabi/lib/thumb/v8-m.main+fp/hard/crt0.o (exit)
/Applications/STM32CubeIDE.app/Contents/Eclipse/plugins/com.st.stm32cube.ide.mcu.externaltools.gnu-tools-for-stm32.11.3.rel1.macos64_1.1.1.202309131626/tools/bin/../lib/gcc/arm-none-eabi/11.3.1/../../../../arm-none-eabi/lib/thumb/v8-m.main+fp/hard/libc_nano.a(libc_a-findfp.o)
                              /Applications/STM32CubeIDE.app/Contents/Eclipse/plugins/com.st.stm32cube.ide.mcu.externaltools.gnu-tools-for-stm32.11.3.rel1.macos64_1.1.1.202309131626/tools/bin/../lib/gcc/arm-none-eabi/11.3.1/../../../../arm-none-eabi/lib/thumb/v8-m.main+fp/hard/libc_nano.a(libc_a-exit.o) (__stdio_exit_handler)
/Applications/STM32CubeIDE.app/Contents/Eclipse/plugins/com.st.stm32cube.ide.mcu.externaltools.gnu-tools-for-stm32.11.3.rel1.macos64_1.1.1.202309131626/tools/bin/../lib/gcc/arm-none-eabi/11.3.1/../../../../arm-none-eabi/lib/thumb/v8-m.main+fp/hard/libc_nano.a(libc_a-fwalk.o)
                              /Applications/STM32CubeIDE.app/Contents/Eclipse/plugins/com.st.stm32cube.ide.mcu.externaltools.gnu-tools-for-stm32.11.3.rel1.macos64_1.1.1.202309131626/tools/bin/../lib/gcc/arm-none-eabi/11.3.1/../../../../arm-none-eabi/lib/thumb/v8-m.main+fp/hard/libc_nano.a(libc_a-findfp.o) (_fwalk_sglue)
/Applications/STM32CubeIDE.app/Contents/Eclipse/plugins/com.st.stm32cube.ide.mcu.externaltools.gnu-tools-for-stm32.11.3.rel1.macos64_1.1.1.202309131626/tools/bin/../lib/gcc/arm-none-eabi/11.3.1/../../../../arm-none-eabi/lib/thumb/v8-m.main+fp/hard/libc_nano.a(libc_a-memset.o)
                              /Applications/STM32CubeIDE.app/Contents/Eclipse/plugins/com.st.stm32cube.ide.mcu.externaltools.gnu-tools-for-stm32.11.3.rel1.macos64_1.1.1.202309131626/tools/bin/../lib/gcc/arm-none-eabi/11.3.1/../../../../arm-none-eabi/lib/thumb/v8-m.main+fp/hard/crt0.o (memset)
/Applications/STM32CubeIDE.app/Contents/Eclipse/plugins/com.st.stm32cube.ide.mcu.externaltools.gnu-tools-for-stm32.11.3.rel1.macos64_1.1.1.202309131626/tools/bin/../lib/gcc/arm-none-eabi/11.3.1/../../../../arm-none-eabi/lib/thumb/v8-m.main+fp/hard/libc_nano.a(libc_a-impure.o)
                              /Applications/STM32CubeIDE.app/Contents/Eclipse/plugins/com.st.stm32cube.ide.mcu.externaltools.gnu-tools-for-stm32.11.3.rel1.macos64_1.1.1.202309131626/tools/bin/../lib/gcc/arm-none-eabi/11.3.1/../../../../arm-none-eabi/lib/thumb/v8-m.main+fp/hard/libc_nano.a(libc_a-findfp.o) (_impure_data)
/Applications/STM32CubeIDE.app/Contents/Eclipse/plugins/com.st.stm32cube.ide.mcu.externaltools.gnu-tools-for-stm32.11.3.rel1.macos64_1.1.1.202309131626/tools/bin/../lib/gcc/arm-none-eabi/11.3.1/../../../../arm-none-eabi/lib/thumb/v8-m.main+fp/hard/libc_nano.a(libc_a-errno.o)
                              ./Core/Src/syscalls.o (__errno)
/Applications/STM32CubeIDE.app/Contents/Eclipse/plugins/com.st.stm32cube.ide.mcu.externaltools.gnu-tools-for-stm32.11.3.rel1.macos64_1.1.1.202309131626/tools/bin/../lib/gcc/arm-none-eabi/11.3.1/../../../../arm-none-eabi/lib/thumb/v8-m.main+fp/hard/libc_nano.a(libc_a-init.o)
                              /Applications/STM32CubeIDE.app/Contents/Eclipse/plugins/com.st.stm32cube.ide.mcu.externaltools.gnu-tools-for-stm32.11.3.rel1.macos64_1.1.1.202309131626/tools/bin/../lib/gcc/arm-none-eabi/11.3.1/../../../../arm-none-eabi/lib/thumb/v8-m.main+fp/hard/crt0.o (__libc_init_array)
/Applications/STM32CubeIDE.app/Contents/Eclipse/plugins/com.st.stm32cube.ide.mcu.externaltools.gnu-tools-for-stm32.11.3.rel1.macos64_1.1.1.202309131626/tools/bin/../lib/gcc/arm-none-eabi/11.3.1/../../../../arm-none-eabi/lib/thumb/v8-m.main+fp/hard/libc_nano.a(libc_a-lock.o)
                              /Applications/STM32CubeIDE.app/Contents/Eclipse/plugins/com.st.stm32cube.ide.mcu.externaltools.gnu-tools-for-stm32.11.3.rel1.macos64_1.1.1.202309131626/tools/bin/../lib/gcc/arm-none-eabi/11.3.1/../../../../arm-none-eabi/lib/thumb/v8-m.main+fp/hard/libc_nano.a(libc_a-findfp.o) (__retarget_lock_init_recursive)
/Applications/STM32CubeIDE.app/Contents/Eclipse/plugins/com.st.stm32cube.ide.mcu.externaltools.gnu-tools-for-stm32.11.3.rel1.macos64_1.1.1.202309131626/tools/bin/../lib/gcc/arm-none-eabi/11.3.1/../../../../arm-none-eabi/lib/thumb/v8-m.main+fp/hard/libc_nano.a(libc_a-memcpy-stub.o)
                              ./Core/Src/aes.o (memcpy)
[...]
Memory Configuration

Name             Origin             Length             Attributes
RAM              0x0000000030000000 0x0000000000018000 xrw
RAM2             0x0000000030030000 0x0000000000010000 xrw
FLASH            0x000000000c000000 0x000000000003e000 xr
FLASH_NSC        0x000000000c03e000 0x0000000000002000 xr
*default*        0x0000000000000000 0xffffffffffffffff

Linker script and memory map

LOAD /Applications/STM32CubeIDE.app/Contents/Eclipse/plugins/com.st.stm32cube.ide.mcu.externaltools.gnu-tools-for-stm32.11.3.rel1.macos64_1.1.1.202309131626/tools/bin/../lib/gcc/arm-none-eabi/11.3.1/thumb/v8-m.main+fp/hard/crti.o
LOAD /Applications/STM32CubeIDE.app/Contents/Eclipse/plugins/com.st.stm32cube.ide.mcu.externaltools.gnu-tools-for-stm32.11.3.rel1.macos64_1.1.1.202309131626/tools/bin/../lib/gcc/arm-none-eabi/11.3.1/thumb/v8-m.main+fp/hard/crtbegin.o
LOAD /Applications/STM32CubeIDE.app/Contents/Eclipse/plugins/com.st.stm32cube.ide.mcu.externaltools.gnu-tools-for-stm32.11.3.rel1.macos64_1.1.1.202309131626/tools/bin/../lib/gcc/arm-none-eabi/11.3.1/../../../../arm-none-eabi/lib/thumb/v8-m.main+fp/hard/crt0.o
LOAD ./Core/Src/aes.o
LOAD ./Core/Src/main.o
LOAD ./Core/Src/secure_nsc.o
LOAD ./Core/Src/stm32l5xx_hal_msp.o
LOAD ./Core/Src/stm32l5xx_it.o
LOAD ./Core/Src/syscalls.o
LOAD ./Core/Src/sysmem.o
LOAD ./Core/Src/system_stm32l5xx_s.o
LOAD ./Core/Startup/startup_stm32l552zetxq.o
LOAD ./Drivers/STM32L5xx_HAL_Driver/stm32l5xx_hal.o
LOAD ./Drivers/STM32L5xx_HAL_Driver/stm32l5xx_hal_cortex.o
LOAD ./Drivers/STM32L5xx_HAL_Driver/stm32l5xx_hal_dma.o
LOAD ./Drivers/STM32L5xx_HAL_Driver/stm32l5xx_hal_dma_ex.o
LOAD ./Drivers/STM32L5xx_HAL_Driver/stm32l5xx_hal_exti.o
LOAD ./Drivers/STM32L5xx_HAL_Driver/stm32l5xx_hal_flash.o
LOAD ./Drivers/STM32L5xx_HAL_Driver/stm32l5xx_hal_flash_ex.o
LOAD ./Drivers/STM32L5xx_HAL_Driver/stm32l5xx_hal_flash_ramfunc.o
LOAD ./Drivers/STM32L5xx_HAL_Driver/stm32l5xx_hal_gpio.o
LOAD ./Drivers/STM32L5xx_HAL_Driver/stm32l5xx_hal_gtzc.o
LOAD ./Drivers/STM32L5xx_HAL_Driver/stm32l5xx_hal_i2c.o
LOAD ./Drivers/STM32L5xx_HAL_Driver/stm32l5xx_hal_i2c_ex.o
LOAD ./Drivers/STM32L5xx_HAL_Driver/stm32l5xx_hal_icache.o
LOAD ./Drivers/STM32L5xx_HAL_Driver/stm32l5xx_hal_pwr.o
LOAD ./Drivers/STM32L5xx_HAL_Driver/stm32l5xx_hal_pwr_ex.o
LOAD ./Drivers/STM32L5xx_HAL_Driver/stm32l5xx_hal_rcc.o
LOAD ./Drivers/STM32L5xx_HAL_Driver/stm32l5xx_hal_rcc_ex.o
START GROUP
LOAD /Applications/STM32CubeIDE.app/Contents/Eclipse/plugins/com.st.stm32cube.ide.mcu.externaltools.gnu-tools-for-stm32.11.3.rel1.macos64_1.1.1.202309131626/tools/bin/../lib/gcc/arm-none-eabi/11.3.1/../../../../arm-none-eabi/lib/thumb/v8-m.main+fp/hard/libc_nano.a
LOAD /Applications/STM32CubeIDE.app/Contents/Eclipse/plugins/com.st.stm32cube.ide.mcu.externaltools.gnu-tools-for-stm32.11.3.rel1.macos64_1.1.1.202309131626/tools/bin/../lib/gcc/arm-none-eabi/11.3.1/../../../../arm-none-eabi/lib/thumb/v8-m.main+fp/hard/libm.a
END GROUP
START GROUP
LOAD /Applications/STM32CubeIDE.app/Contents/Eclipse/plugins/com.st.stm32cube.ide.mcu.externaltools.gnu-tools-for-stm32.11.3.rel1.macos64_1.1.1.202309131626/tools/bin/../lib/gcc/arm-none-eabi/11.3.1/thumb/v8-m.main+fp/hard/libgcc.a
LOAD /Applications/STM32CubeIDE.app/Contents/Eclipse/plugins/com.st.stm32cube.ide.mcu.externaltools.gnu-tools-for-stm32.11.3.rel1.macos64_1.1.1.202309131626/tools/bin/../lib/gcc/arm-none-eabi/11.3.1/../../../../arm-none-eabi/lib/thumb/v8-m.main+fp/hard/libc_nano.a
END GROUP
START GROUP
LOAD /Applications/STM32CubeIDE.app/Contents/Eclipse/plugins/com.st.stm32cube.ide.mcu.externaltools.gnu-tools-for-stm32.11.3.rel1.macos64_1.1.1.202309131626/tools/bin/../lib/gcc/arm-none-eabi/11.3.1/thumb/v8-m.main+fp/hard/libgcc.a
LOAD /Applications/STM32CubeIDE.app/Contents/Eclipse/plugins/com.st.stm32cube.ide.mcu.externaltools.gnu-tools-for-stm32.11.3.rel1.macos64_1.1.1.202309131626/tools/bin/../lib/gcc/arm-none-eabi/11.3.1/../../../../arm-none-eabi/lib/thumb/v8-m.main+fp/hard/libc_nano.a
LOAD /Applications/STM32CubeIDE.app/Contents/Eclipse/plugins/com.st.stm32cube.ide.mcu.externaltools.gnu-tools-for-stm32.11.3.rel1.macos64_1.1.1.202309131626/tools/bin/../lib/gcc/arm-none-eabi/11.3.1/../../../../arm-none-eabi/lib/thumb/v8-m.main+fp/hard/libnosys.a
END GROUP
START GROUP
LOAD /Applications/STM32CubeIDE.app/Contents/Eclipse/plugins/com.st.stm32cube.ide.mcu.externaltools.gnu-tools-for-stm32.11.3.rel1.macos64_1.1.1.202309131626/tools/bin/../lib/gcc/arm-none-eabi/11.3.1/thumb/v8-m.main+fp/hard/libgcc.a
LOAD /Applications/STM32CubeIDE.app/Contents/Eclipse/plugins/com.st.stm32cube.ide.mcu.externaltools.gnu-tools-for-stm32.11.3.rel1.macos64_1.1.1.202309131626/tools/bin/../lib/gcc/arm-none-eabi/11.3.1/../../../../arm-none-eabi/lib/thumb/v8-m.main+fp/hard/libc_nano.a
LOAD /Applications/STM32CubeIDE.app/Contents/Eclipse/plugins/com.st.stm32cube.ide.mcu.externaltools.gnu-tools-for-stm32.11.3.rel1.macos64_1.1.1.202309131626/tools/bin/../lib/gcc/arm-none-eabi/11.3.1/../../../../arm-none-eabi/lib/thumb/v8-m.main+fp/hard/libnosys.a
END GROUP
LOAD /Applications/STM32CubeIDE.app/Contents/Eclipse/plugins/com.st.stm32cube.ide.mcu.externaltools.gnu-tools-for-stm32.11.3.rel1.macos64_1.1.1.202309131626/tools/bin/../lib/gcc/arm-none-eabi/11.3.1/thumb/v8-m.main+fp/hard/crtend.o
LOAD /Applications/STM32CubeIDE.app/Contents/Eclipse/plugins/com.st.stm32cube.ide.mcu.externaltools.gnu-tools-for-stm32.11.3.rel1.macos64_1.1.1.202309131626/tools/bin/../lib/gcc/arm-none-eabi/11.3.1/thumb/v8-m.main+fp/hard/crtn.o
                0x0000000030018000                _estack = (ORIGIN (RAM) + LENGTH (RAM))
                0x0000000000000200                _Min_Heap_Size = 0x200
                0x0000000000000400                _Min_Stack_Size = 0x400

.isr_vector     0x000000000c000000      0x1f4
                0x000000000c000000                . = ALIGN (0x4)
 *(.isr_vector)
 .isr_vector    0x000000000c000000      0x1f4 ./Core/Startup/startup_stm32l552zetxq.o
                0x000000000c000000                g_pfnVectors
                0x000000000c0001f4                . = ALIGN (0x4)

.text           0x000000000c0001f4     0x170c
                0x000000000c0001f4                . = ALIGN (0x4)
 *(.text)
 .text          0x000000000c0001f4       0x40 /Applications/STM32CubeIDE.app/Contents/Eclipse/plugins/com.st.stm32cube.ide.mcu.externaltools.gnu-tools-for-stm32.11.3.rel1.macos64_1.1.1.202309131626/tools/bin/../lib/gcc/arm-none-eabi/11.3.1/thumb/v8-m.main+fp/hard/crtbegin.o
 .text          0x000000000c000234       0x5c /Applications/STM32CubeIDE.app/Contents/Eclipse/plugins/com.st.stm32cube.ide.mcu.externaltools.gnu-tools-for-stm32.11.3.rel1.macos64_1.1.1.202309131626/tools/bin/../lib/gcc/arm-none-eabi/11.3.1/thumb/v8-m.main+fp/hard/libgcc.a(cmse_nonsecure_call.o)
                0x000000000c000234                __gnu_cmse_nonsecure_call
 *(.text*)
 .text.KeyExpansion
                0x000000000c000290      0x1a0 ./Core/Src/aes.o
 .text.AES_init_ctx
                0x000000000c000430       0x1c ./Core/Src/aes.o
                0x000000000c000430                AES_init_ctx
 .text.AddRoundKey
                0x000000000c00044c       0x78 ./Core/Src/aes.o
 .text.SubBytes
                0x000000000c0004c4       0x64 ./Core/Src/aes.o
 .text.ShiftRows
                0x000000000c000528       0x84 ./Core/Src/aes.o
 .text.xtime    0x000000000c0005ac       0x3c ./Core/Src/aes.o
 .text.MixColumns
                0x000000000c0005e8      0x16a ./Core/Src/aes.o
 .text.Cipher   0x000000000c000752       0x5c ./Core/Src/aes.o
 .text.AES_ECB_encrypt
                0x000000000c0007ae       0x1c ./Core/Src/aes.o
                0x000000000c0007ae                AES_ECB_encrypt
 .text.main     0x000000000c0007ca       0x16 ./Core/Src/main.o
                0x000000000c0007ca                main
 .text.NonSecure_Init
                0x000000000c0007e0       0x88 ./Core/Src/main.o
 .text.MX_GTZC_S_Init
                0x000000000c000868       0xf0 ./Core/Src/main.o
 .text.MX_GPIO_Init
                0x000000000c000958       0xb4 ./Core/Src/main.o
 .text.Error_Handler
                0x000000000c000a0c        0xa ./Core/Src/main.o
                0x000000000c000a0c                Error_Handler
 *fill*         0x000000000c000a16        0x2 
 .text.SECURE_RegisterCallback
                0x000000000c000a18       0xa8 ./Core/Src/secure_nsc.o
                0x000000000c000a18                __acle_se_SECURE_RegisterCallback
 .text.init_ctx
                0x000000000c000ac0       0x9c ./Core/Src/secure_nsc.o
                0x000000000c000ac0                __acle_se_init_ctx
 .text.encrypt  0x000000000c000b5c       0xec ./Core/Src/secure_nsc.o
                0x000000000c000b5c                __acle_se_encrypt
 .text.decrypt  0x000000000c000c48       0xec ./Core/Src/secure_nsc.o
                0x000000000c000c48                __acle_se_decrypt
 .text.HAL_MspInit
                0x000000000c000d34       0x60 ./Core/Src/stm32l5xx_hal_msp.o
                0x000000000c000d34                HAL_MspInit
 .text.NMI_Handler
                0x000000000c000d94        0x6 ./Core/Src/stm32l5xx_it.o
                0x000000000c000d94                NMI_Handler
 .text.HardFault_Handler
                0x000000000c000d9a        0x6 ./Core/Src/stm32l5xx_it.o
                0x000000000c000d9a                HardFault_Handler
 .text.MemManage_Handler
                0x000000000c000da0        0x6 ./Core/Src/stm32l5xx_it.o
                0x000000000c000da0                MemManage_Handler
 .text.BusFault_Handler
                0x000000000c000da6        0x6 ./Core/Src/stm32l5xx_it.o
                0x000000000c000da6                BusFault_Handler
 .text.UsageFault_Handler
                0x000000000c000dac        0x6 ./Core/Src/stm32l5xx_it.o
                0x000000000c000dac                UsageFault_Handler
 .text.SecureFault_Handler
                0x000000000c000db2        0x6 ./Core/Src/stm32l5xx_it.o
                0x000000000c000db2                SecureFault_Handler
 .text.SVC_Handler
                0x000000000c000db8        0xe ./Core/Src/stm32l5xx_it.o
                0x000000000c000db8                SVC_Handler
 .text.DebugMon_Handler
                0x000000000c000dc6        0xe ./Core/Src/stm32l5xx_it.o
                0x000000000c000dc6                DebugMon_Handler
 .text.PendSV_Handler
                0x000000000c000dd4        0xe ./Core/Src/stm32l5xx_it.o
                0x000000000c000dd4                PendSV_Handler
 .text.SysTick_Handler
                0x000000000c000de2        0xc ./Core/Src/stm32l5xx_it.o
                0x000000000c000de2                SysTick_Handler
 *fill*         0x000000000c000dee        0x2 
 .text.TZ_SAU_Setup
                0x000000000c000df0       0xfc ./Core/Src/system_stm32l5xx_s.o
 .text.SystemInit
                0x000000000c000eec       0x34 ./Core/Src/system_stm32l5xx_s.o
                0x000000000c000eec                SystemInit
 .text.SystemCoreClockUpdate
                0x000000000c000f20      0x158 ./Core/Src/system_stm32l5xx_s.o
                0x000000000c000f20                SystemCoreClockUpdate
 .text.SECURE_SystemCoreClockUpdate
                0x000000000c001078       0x80 ./Core/Src/system_stm32l5xx_s.o
                0x000000000c001078                __acle_se_SECURE_SystemCoreClockUpdate
 .text.Reset_Handler
                0x000000000c0010f8       0x50 ./Core/Startup/startup_stm32l552zetxq.o
                0x000000000c0010f8                Reset_Handler
 .text.Default_Handler
                0x000000000c001148        0x2 ./Core/Startup/startup_stm32l552zetxq.o
                0x000000000c001148                DMA2_Channel3_IRQHandler
                0x000000000c001148                TIM8_TRG_COM_IRQHandler
                0x000000000c001148                TIM8_CC_IRQHandler
                0x000000000c001148                EXTI5_IRQHandler
                0x000000000c001148                FLASH_S_IRQHandler
                0x000000000c001148                EXTI13_IRQHandler
                0x000000000c001148                TIM1_CC_IRQHandler
                0x000000000c001148                TSC_IRQHandler
                0x000000000c001148                TAMP_IRQHandler
                0x000000000c001148                TIM6_IRQHandler
                0x000000000c001148                EXTI12_IRQHandler
                0x000000000c001148                DMA2_Channel8_IRQHandler
                0x000000000c001148                EXTI3_IRQHandler
                0x000000000c001148                EXTI8_IRQHandler
                0x000000000c001148                LPTIM2_IRQHandler
                0x000000000c001148                DFSDM1_FLT1_IRQHandler
                0x000000000c001148                USB_FS_IRQHandler
                0x000000000c001148                I2C3_ER_IRQHandler
                0x000000000c001148                DFSDM1_FLT2_IRQHandler
                0x000000000c001148                DMAMUX1_IRQHandler
                0x000000000c001148                LPTIM3_IRQHandler
                0x000000000c001148                EXTI0_IRQHandler
                0x000000000c001148                I2C2_EV_IRQHandler
                0x000000000c001148                FPU_IRQHandler
                0x000000000c001148                FDCAN1_IT1_IRQHandler
                0x000000000c001148                ADC1_2_IRQHandler
                0x000000000c001148                SPI1_IRQHandler
                0x000000000c001148                OCTOSPI1_IRQHandler
                0x000000000c001148                TIM8_UP_IRQHandler
                0x000000000c001148                RCC_S_IRQHandler
                0x000000000c001148                DMA2_Channel2_IRQHandler
                0x000000000c001148                DMA1_Channel4_IRQHandler
                0x000000000c001148                SAI2_IRQHandler
                0x000000000c001148                DFSDM1_FLT3_IRQHandler
                0x000000000c001148                EXTI15_IRQHandler
                0x000000000c001148                TIM17_IRQHandler
                0x000000000c001148                USART3_IRQHandler
                0x000000000c001148                RTC_IRQHandler
                0x000000000c001148                EXTI9_IRQHandler
                0x000000000c001148                DMA1_Channel7_IRQHandler
                0x000000000c001148                UART5_IRQHandler
                0x000000000c001148                TIM4_IRQHandler
                0x000000000c001148                DMA2_Channel1_IRQHandler
                0x000000000c001148                I2C1_EV_IRQHandler
                0x000000000c001148                DMA1_Channel6_IRQHandler
                0x000000000c001148                TIM16_IRQHandler
                0x000000000c001148                UART4_IRQHandler
                0x000000000c001148                DMA2_Channel4_IRQHandler
                0x000000000c001148                TIM3_IRQHandler
                0x000000000c001148                RCC_IRQHandler
                0x000000000c001148                TIM1_TRG_COM_IRQHandler
                0x000000000c001148                DMA1_Channel1_IRQHandler
                0x000000000c001148                Default_Handler
                0x000000000c001148                DMA2_Channel7_IRQHandler
                0x000000000c001148                DMA1_Channel8_IRQHandler
                0x000000000c001148                TIM7_IRQHandler
                0x000000000c001148                SDMMC1_IRQHandler
                0x000000000c001148                TIM5_IRQHandler
                0x000000000c001148                UCPD1_IRQHandler
                0x000000000c001148                TIM15_IRQHandler
                0x000000000c001148                I2C3_EV_IRQHandler
                0x000000000c001148                PVD_PVM_IRQHandler
                0x000000000c001148                SPI2_IRQHandler
                0x000000000c001148                EXTI14_IRQHandler
                0x000000000c001148                EXTI11_IRQHandler
                0x000000000c001148                DMA2_Channel5_IRQHandler
                0x000000000c001148                CRS_IRQHandler
                0x000000000c001148                DMA1_Channel5_IRQHandler
                0x000000000c001148                EXTI4_IRQHandler
                0x000000000c001148                RTC_S_IRQHandler
                0x000000000c001148                RNG_IRQHandler
                0x000000000c001148                DMAMUX1_S_IRQHandler
                0x000000000c001148                DMA1_Channel3_IRQHandler
                0x000000000c001148                COMP_IRQHandler
                0x000000000c001148                TIM1_UP_IRQHandler
                0x000000000c001148                WWDG_IRQHandler
                0x000000000c001148                I2C4_EV_IRQHandler
                0x000000000c001148                LPUART1_IRQHandler
                0x000000000c001148                DMA2_Channel6_IRQHandler
                0x000000000c001148                FDCAN1_IT0_IRQHandler
                0x000000000c001148                TIM2_IRQHandler
                0x000000000c001148                TAMP_S_IRQHandler
                0x000000000c001148                EXTI7_IRQHandler
                0x000000000c001148                TIM1_BRK_IRQHandler
                0x000000000c001148                DAC_IRQHandler
                0x000000000c001148                EXTI1_IRQHandler
                0x000000000c001148                GTZC_IRQHandler
                0x000000000c001148                USART2_IRQHandler
                0x000000000c001148                DFSDM1_FLT0_IRQHandler
                0x000000000c001148                I2C2_ER_IRQHandler
                0x000000000c001148                DMA1_Channel2_IRQHandler
                0x000000000c001148                TIM8_BRK_IRQHandler
                0x000000000c001148                FLASH_IRQHandler
                0x000000000c001148                USART1_IRQHandler
                0x000000000c001148                EXTI10_IRQHandler
                0x000000000c001148                SPI3_IRQHandler
                0x000000000c001148                I2C1_ER_IRQHandler
                0x000000000c001148                FMC_IRQHandler
                0x000000000c001148                EXTI6_IRQHandler
                0x000000000c001148                LPTIM1_IRQHandler
                0x000000000c001148                I2C4_ER_IRQHandler
                0x000000000c001148                ICACHE_IRQHandler
                0x000000000c001148                SAI1_IRQHandler
                0x000000000c001148                HASH_IRQHandler
                0x000000000c001148                EXTI2_IRQHandler
 .text.HAL_Init
                0x000000000c00114a       0x34 ./Drivers/STM32L5xx_HAL_Driver/stm32l5xx_hal.o
                0x000000000c00114a                HAL_Init
 *fill*         0x000000000c00117e        0x2 
 .text.HAL_InitTick
                0x000000000c001180       0x78 ./Drivers/STM32L5xx_HAL_Driver/stm32l5xx_hal.o
                0x000000000c001180                HAL_InitTick
 .text.HAL_IncTick
                0x000000000c0011f8       0x28 ./Drivers/STM32L5xx_HAL_Driver/stm32l5xx_hal.o
                0x000000000c0011f8                HAL_IncTick
 .text.__NVIC_SetPriorityGrouping
                0x000000000c001220       0x48 ./Drivers/STM32L5xx_HAL_Driver/stm32l5xx_hal_cortex.o
 .text.__NVIC_GetPriorityGrouping
                0x000000000c001268       0x1c ./Drivers/STM32L5xx_HAL_Driver/stm32l5xx_hal_cortex.o
 .text.__NVIC_SetPriority
                0x000000000c001284       0x54 ./Drivers/STM32L5xx_HAL_Driver/stm32l5xx_hal_cortex.o
 .text.NVIC_EncodePriority
                0x000000000c0012d8       0x66 ./Drivers/STM32L5xx_HAL_Driver/stm32l5xx_hal_cortex.o
 *fill*         0x000000000c00133e        0x2 
 .text.SysTick_Config
                0x000000000c001340       0x44 ./Drivers/STM32L5xx_HAL_Driver/stm32l5xx_hal_cortex.o
 .text.HAL_NVIC_SetPriorityGrouping
                0x000000000c001384       0x16 ./Drivers/STM32L5xx_HAL_Driver/stm32l5xx_hal_cortex.o
                0x000000000c001384                HAL_NVIC_SetPriorityGrouping
 .text.HAL_NVIC_SetPriority
                0x000000000c00139a       0x34 ./Drivers/STM32L5xx_HAL_Driver/stm32l5xx_hal_cortex.o
                0x000000000c00139a                HAL_NVIC_SetPriority
 .text.HAL_SYSTICK_Config
                0x000000000c0013ce       0x18 ./Drivers/STM32L5xx_HAL_Driver/stm32l5xx_hal_cortex.o
                0x000000000c0013ce                HAL_SYSTICK_Config
 *fill*         0x000000000c0013e6        0x2 
 .text.HAL_GPIO_Init
                0x000000000c0013e8      0x300 ./Drivers/STM32L5xx_HAL_Driver/stm32l5xx_hal_gpio.o
                0x000000000c0013e8                HAL_GPIO_Init
 .text.HAL_GPIO_WritePin
                0x000000000c0016e8       0x30 ./Drivers/STM32L5xx_HAL_Driver/stm32l5xx_hal_gpio.o
                0x000000000c0016e8                HAL_GPIO_WritePin
 .text.HAL_GPIO_ConfigPinAttributes
                0x000000000c001718       0x70 ./Drivers/STM32L5xx_HAL_Driver/stm32l5xx_hal_gpio.o
                0x000000000c001718                HAL_GPIO_ConfigPinAttributes
 .text.HAL_GTZC_MPCBB_ConfigMem
                0x000000000c001788      0x108 ./Drivers/STM32L5xx_HAL_Driver/stm32l5xx_hal_gtzc.o
                0x000000000c001788                HAL_GTZC_MPCBB_ConfigMem
 .text.memset   0x000000000c001890       0x10 /Applications/STM32CubeIDE.app/Contents/Eclipse/plugins/com.st.stm32cube.ide.mcu.externaltools.gnu-tools-for-stm32.11.3.rel1.macos64_1.1.1.202309131626/tools/bin/../lib/gcc/arm-none-eabi/11.3.1/../../../../arm-none-eabi/lib/thumb/v8-m.main+fp/hard/libc_nano.a(libc_a-memset.o)
                0x000000000c001890                memset
 .text.__libc_init_array
                0x000000000c0018a0       0x48 /Applications/STM32CubeIDE.app/Contents/Eclipse/plugins/com.st.stm32cube.ide.mcu.externaltools.gnu-tools-for-stm32.11.3.rel1.macos64_1.1.1.202309131626/tools/bin/../lib/gcc/arm-none-eabi/11.3.1/../../../../arm-none-eabi/lib/thumb/v8-m.main+fp/hard/libc_nano.a(libc_a-init.o)
                0x000000000c0018a0                __libc_init_array
 *(.glue_7)
 .glue_7        0x000000000c0018e8        0x0 linker stubs
 *(.glue_7t)
 .glue_7t       0x000000000c0018e8        0x0 linker stubs
 *(.eh_frame)
 .eh_frame      0x000000000c0018e8        0x0 /Applications/STM32CubeIDE.app/Contents/Eclipse/plugins/com.st.stm32cube.ide.mcu.externaltools.gnu-tools-for-stm32.11.3.rel1.macos64_1.1.1.202309131626/tools/bin/../lib/gcc/arm-none-eabi/11.3.1/thumb/v8-m.main+fp/hard/crtbegin.o
 *(.init)
 .init          0x000000000c0018e8        0x4 /Applications/STM32CubeIDE.app/Contents/Eclipse/plugins/com.st.stm32cube.ide.mcu.externaltools.gnu-tools-for-stm32.11.3.rel1.macos64_1.1.1.202309131626/tools/bin/../lib/gcc/arm-none-eabi/11.3.1/thumb/v8-m.main+fp/hard/crti.o
                0x000000000c0018e8                _init
 .init          0x000000000c0018ec        0x8 /Applications/STM32CubeIDE.app/Contents/Eclipse/plugins/com.st.stm32cube.ide.mcu.externaltools.gnu-tools-for-stm32.11.3.rel1.macos64_1.1.1.202309131626/tools/bin/../lib/gcc/arm-none-eabi/11.3.1/thumb/v8-m.main+fp/hard/crtn.o
 *(.fini)
 .fini          0x000000000c0018f4        0x4 /Applications/STM32CubeIDE.app/Contents/Eclipse/plugins/com.st.stm32cube.ide.mcu.externaltools.gnu-tools-for-stm32.11.3.rel1.macos64_1.1.1.202309131626/tools/bin/../lib/gcc/arm-none-eabi/11.3.1/thumb/v8-m.main+fp/hard/crti.o
                0x000000000c0018f4                _fini
 .fini          0x000000000c0018f8        0x8 /Applications/STM32CubeIDE.app/Contents/Eclipse/plugins/com.st.stm32cube.ide.mcu.externaltools.gnu-tools-for-stm32.11.3.rel1.macos64_1.1.1.202309131626/tools/bin/../lib/gcc/arm-none-eabi/11.3.1/thumb/v8-m.main+fp/hard/crtn.o
                0x000000000c001900                . = ALIGN (0x4)
                0x000000000c001900                _etext = .

.vfp11_veneer   0x000000000c001900        0x0
 .vfp11_veneer  0x000000000c001900        0x0 linker stubs

.v4_bx          0x000000000c001900        0x0
 .v4_bx         0x000000000c001900        0x0 linker stubs

.iplt           0x000000000c001900        0x0
 .iplt          0x000000000c001900        0x0 /Applications/STM32CubeIDE.app/Contents/Eclipse/plugins/com.st.stm32cube.ide.mcu.externaltools.gnu-tools-for-stm32.11.3.rel1.macos64_1.1.1.202309131626/tools/bin/../lib/gcc/arm-none-eabi/11.3.1/thumb/v8-m.main+fp/hard/crtbegin.o

.rodata         0x000000000c001900      0x15c
                0x000000000c001900                . = ALIGN (0x4)
 *(.rodata)
 *(.rodata*)
 .rodata.sbox   0x000000000c001900      0x100 ./Core/Src/aes.o
 .rodata.Rcon   0x000000000c001a00        0xb ./Core/Src/aes.o
 *fill*         0x000000000c001a0b        0x1 
 .rodata.AHBPrescTable
                0x000000000c001a0c       0x10 ./Core/Src/system_stm32l5xx_s.o
                0x000000000c001a0c                AHBPrescTable
 .rodata.MSIRangeTable
                0x000000000c001a1c       0x40 ./Core/Src/system_stm32l5xx_s.o
                0x000000000c001a1c                MSIRangeTable
                0x000000000c001a5c                . = ALIGN (0x4)

.rel.dyn        0x000000000c001a5c        0x0
 .rel.iplt      0x000000000c001a5c        0x0 /Applications/STM32CubeIDE.app/Contents/Eclipse/plugins/com.st.stm32cube.ide.mcu.externaltools.gnu-tools-for-stm32.11.3.rel1.macos64_1.1.1.202309131626/tools/bin/../lib/gcc/arm-none-eabi/11.3.1/thumb/v8-m.main+fp/hard/crtbegin.o

.ARM.extab      0x000000000c001a5c        0x0
                0x000000000c001a5c                . = ALIGN (0x4)
 *(.ARM.extab* .gnu.linkonce.armextab.*)
                0x000000000c001a5c                . = ALIGN (0x4)

.ARM            0x000000000c001a5c        0x0
                0x000000000c001a5c                . = ALIGN (0x4)
                0x000000000c001a5c                __exidx_start = .
 *(.ARM.exidx*)
                0x000000000c001a5c                __exidx_end = .
                0x000000000c001a5c                . = ALIGN (0x4)

.preinit_array  0x000000000c001a5c        0x0
                0x000000000c001a5c                . = ALIGN (0x4)
                0x000000000c001a5c                PROVIDE (__preinit_array_start = .)
 *(.preinit_array*)
                0x000000000c001a5c                PROVIDE (__preinit_array_end = .)
                0x000000000c001a5c                . = ALIGN (0x4)

.init_array     0x000000000c001a5c        0x4
                0x000000000c001a5c                . = ALIGN (0x4)
                0x000000000c001a5c                PROVIDE (__init_array_start = .)
 *(SORT_BY_NAME(.init_array.*))
 *(.init_array*)
 .init_array    0x000000000c001a5c        0x4 /Applications/STM32CubeIDE.app/Contents/Eclipse/plugins/com.st.stm32cube.ide.mcu.externaltools.gnu-tools-for-stm32.11.3.rel1.macos64_1.1.1.202309131626/tools/bin/../lib/gcc/arm-none-eabi/11.3.1/thumb/v8-m.main+fp/hard/crtbegin.o
                0x000000000c001a60                PROVIDE (__init_array_end = .)
                0x000000000c001a60                . = ALIGN (0x4)

.fini_array     0x000000000c001a60        0x4
                0x000000000c001a60                . = ALIGN (0x4)
                [!provide]                        PROVIDE (__fini_array_start = .)
 *(SORT_BY_NAME(.fini_array.*))
 *(.fini_array*)
 .fini_array    0x000000000c001a60        0x4 /Applications/STM32CubeIDE.app/Contents/Eclipse/plugins/com.st.stm32cube.ide.mcu.externaltools.gnu-tools-for-stm32.11.3.rel1.macos64_1.1.1.202309131626/tools/bin/../lib/gcc/arm-none-eabi/11.3.1/thumb/v8-m.main+fp/hard/crtbegin.o
                [!provide]                        PROVIDE (__fini_array_end = .)
                0x000000000c001a64                . = ALIGN (0x4)
                0x000000000c001a64                _sidata = LOADADDR (.data)

.data           0x0000000030000000        0xc load address 0x000000000c001a64
                0x0000000030000000                . = ALIGN (0x4)
                0x0000000030000000                _sdata = .
 *(.data)
 *(.data*)
 .data.SystemCoreClock
                0x0000000030000000        0x4 ./Core/Src/system_stm32l5xx_s.o
                0x0000000030000000                SystemCoreClock
 .data.uwTickPrio
                0x0000000030000004        0x4 ./Drivers/STM32L5xx_HAL_Driver/stm32l5xx_hal.o
                0x0000000030000004                uwTickPrio
 .data.uwTickFreq
                0x0000000030000008        0x1 ./Drivers/STM32L5xx_HAL_Driver/stm32l5xx_hal.o
                0x0000000030000008                uwTickFreq
 *(.RamFunc)
 *(.RamFunc*)
                0x000000003000000c                . = ALIGN (0x4)
 *fill*         0x0000000030000009        0x3 
                0x000000003000000c                _edata = .

.igot.plt       0x000000003000000c        0x0 load address 0x000000000c001a70
 .igot.plt      0x000000003000000c        0x0 /Applications/STM32CubeIDE.app/Contents/Eclipse/plugins/com.st.stm32cube.ide.mcu.externaltools.gnu-tools-for-stm32.11.3.rel1.macos64_1.1.1.202309131626/tools/bin/../lib/gcc/arm-none-eabi/11.3.1/thumb/v8-m.main+fp/hard/crtbegin.o

.gnu.sgstubs    0x000000000c03e000       0x40
                0x000000000c03e000                . = ALIGN (0x4)
 *(.gnu.sgstubs*)
                0x000000000c03e000                . = ALIGN (0x4)
 .gnu.sgstubs.__stub
                0x000000000c03e000       0x28 linker stubs
                0x000000000c03e000                decrypt
                0x000000000c03e008                SECURE_SystemCoreClockUpdate
                0x000000000c03e010                encrypt
                0x000000000c03e018                SECURE_RegisterCallback
                0x000000000c03e020                init_ctx
                0x000000000c03e028                . = ALIGN (0x4)

.bss            0x000000003000000c       0xf8
                0x000000003000000c                _sbss = .
                0x000000003000000c                __bss_start__ = _sbss
 *(.bss)
 .bss           0x000000003000000c       0x1c /Applications/STM32CubeIDE.app/Contents/Eclipse/plugins/com.st.stm32cube.ide.mcu.externaltools.gnu-tools-for-stm32.11.3.rel1.macos64_1.1.1.202309131626/tools/bin/../lib/gcc/arm-none-eabi/11.3.1/thumb/v8-m.main+fp/hard/crtbegin.o
 *(.bss*)
 .bss.pSecureFaultCallback
                0x0000000030000028        0x4 ./Core/Src/secure_nsc.o
                0x0000000030000028                pSecureFaultCallback
 .bss.pSecureErrorCallback
                0x000000003000002c        0x4 ./Core/Src/secure_nsc.o
                0x000000003000002c                pSecureErrorCallback
 .bss.ctx       0x0000000030000030       0xc0 ./Core/Src/secure_nsc.o
                0x0000000030000030                ctx
 .bss.key_tz    0x00000000300000f0       0x10 ./Core/Src/secure_nsc.o
                0x00000000300000f0                key_tz
 .bss.uwTick    0x0000000030000100        0x4 ./Drivers/STM32L5xx_HAL_Driver/stm32l5xx_hal.o
                0x0000000030000100                uwTick
 *(COMMON)
                0x0000000030000104                . = ALIGN (0x4)
                0x0000000030000104                _ebss = .
                0x0000000030000104                __bss_end__ = _ebss

._user_heap_stack
                0x0000000030000104      0x604
                0x0000000030000108                . = ALIGN (0x8)
 *fill*         0x0000000030000104        0x4 
                [!provide]                        PROVIDE (end = .)
                0x0000000030000108                PROVIDE (_end = .)
                0x0000000030000308                . = (. + _Min_Heap_Size)
 *fill*         0x0000000030000108      0x200 
                0x0000000030000708                . = (. + _Min_Stack_Size)
 *fill*         0x0000000030000308      0x400 
                0x0000000030000708                . = ALIGN (0x8)

/DISCARD/
 libc.a(*)
 libm.a(*)
 libgcc.a(*)

.ARM.attributes
                0x0000000000000000       0x36
 *(.ARM.attributes)
 .ARM.attributes
                0x0000000000000000       0x22 /Applications/STM32CubeIDE.app/Contents/Eclipse/plugins/com.st.stm32cube.ide.mcu.externaltools.gnu-tools-for-stm32.11.3.rel1.macos64_1.1.1.202309131626/tools/bin/../lib/gcc/arm-none-eabi/11.3.1/thumb/v8-m.main+fp/hard/crti.o
 .ARM.attributes
                0x0000000000000022       0x38 /Applications/STM32CubeIDE.app/Contents/Eclipse/plugins/com.st.stm32cube.ide.mcu.externaltools.gnu-tools-for-stm32.11.3.rel1.macos64_1.1.1.202309131626/tools/bin/../lib/gcc/arm-none-eabi/11.3.1/thumb/v8-m.main+fp/hard/crtbegin.o
 .ARM.attributes
                0x000000000000005a       0x3a ./Core/Src/aes.o
 .ARM.attributes
                0x0000000000000094       0x3a ./Core/Src/main.o
 .ARM.attributes
                0x00000000000000ce       0x3a ./Core/Src/secure_nsc.o
 .ARM.attributes
                0x0000000000000108       0x3a ./Core/Src/stm32l5xx_hal_msp.o
 .ARM.attributes
                0x0000000000000142       0x3a ./Core/Src/stm32l5xx_it.o
 .ARM.attributes
                0x000000000000017c       0x3a ./Core/Src/system_stm32l5xx_s.o
 .ARM.attributes
                0x00000000000001b6       0x24 ./Core/Startup/startup_stm32l552zetxq.o
 .ARM.attributes
                0x00000000000001da       0x3a ./Drivers/STM32L5xx_HAL_Driver/stm32l5xx_hal.o
 .ARM.attributes
                0x0000000000000214       0x3a ./Drivers/STM32L5xx_HAL_Driver/stm32l5xx_hal_cortex.o
 .ARM.attributes
                0x000000000000024e       0x3a ./Drivers/STM32L5xx_HAL_Driver/stm32l5xx_hal_gpio.o
 .ARM.attributes
                0x0000000000000288       0x3a ./Drivers/STM32L5xx_HAL_Driver/stm32l5xx_hal_gtzc.o
 .ARM.attributes
                0x00000000000002c2       0x38 /Applications/STM32CubeIDE.app/Contents/Eclipse/plugins/com.st.stm32cube.ide.mcu.externaltools.gnu-tools-for-stm32.11.3.rel1.macos64_1.1.1.202309131626/tools/bin/../lib/gcc/arm-none-eabi/11.3.1/../../../../arm-none-eabi/lib/thumb/v8-m.main+fp/hard/libc_nano.a(libc_a-memset.o)
 .ARM.attributes
                0x00000000000002fa       0x38 /Applications/STM32CubeIDE.app/Contents/Eclipse/plugins/com.st.stm32cube.ide.mcu.externaltools.gnu-tools-for-stm32.11.3.rel1.macos64_1.1.1.202309131626/tools/bin/../lib/gcc/arm-none-eabi/11.3.1/../../../../arm-none-eabi/lib/thumb/v8-m.main+fp/hard/libc_nano.a(libc_a-init.o)
 .ARM.attributes
                0x0000000000000332       0x24 /Applications/STM32CubeIDE.app/Contents/Eclipse/plugins/com.st.stm32cube.ide.mcu.externaltools.gnu-tools-for-stm32.11.3.rel1.macos64_1.1.1.202309131626/tools/bin/../lib/gcc/arm-none-eabi/11.3.1/thumb/v8-m.main+fp/hard/libgcc.a(cmse_nonsecure_call.o)
 .ARM.attributes
                0x0000000000000356       0x22 /Applications/STM32CubeIDE.app/Contents/Eclipse/plugins/com.st.stm32cube.ide.mcu.externaltools.gnu-tools-for-stm32.11.3.rel1.macos64_1.1.1.202309131626/tools/bin/../lib/gcc/arm-none-eabi/11.3.1/thumb/v8-m.main+fp/hard/crtn.o
OUTPUT(second_aes_Secure.elf elf32-littlearm)
LOAD linker stubs
LOAD /Applications/STM32CubeIDE.app/Contents/Eclipse/plugins/com.st.stm32cube.ide.mcu.externaltools.gnu-tools-for-stm32.11.3.rel1.macos64_1.1.1.202309131626/tools/bin/../lib/gcc/arm-none-eabi/11.3.1/../../../../arm-none-eabi/lib/thumb/v8-m.main+fp/hard/libc.a
LOAD /Applications/STM32CubeIDE.app/Contents/Eclipse/plugins/com.st.stm32cube.ide.mcu.externaltools.gnu-tools-for-stm32.11.3.rel1.macos64_1.1.1.202309131626/tools/bin/../lib/gcc/arm-none-eabi/11.3.1/../../../../arm-none-eabi/lib/thumb/v8-m.main+fp/hard/libm.a
LOAD /Applications/STM32CubeIDE.app/Contents/Eclipse/plugins/com.st.stm32cube.ide.mcu.externaltools.gnu-tools-for-stm32.11.3.rel1.macos64_1.1.1.202309131626/tools/bin/../lib/gcc/arm-none-eabi/11.3.1/thumb/v8-m.main+fp/hard/libgcc.a

.comment        0x0000000000000000       0x43
 .comment       0x0000000000000000       0x43 /Applications/STM32CubeIDE.app/Contents/Eclipse/plugins/com.st.stm32cube.ide.mcu.externaltools.gnu-tools-for-stm32.11.3.rel1.macos64_1.1.1.202309131626/tools/bin/../lib/gcc/arm-none-eabi/11.3.1/thumb/v8-m.main+fp/hard/crtbegin.o
                                         0x44 (size before relaxing)
 .comment       0x0000000000000043       0x44 ./Core/Src/aes.o
 .comment       0x0000000000000043       0x44 ./Core/Src/main.o
 .comment       0x0000000000000043       0x44 ./Core/Src/secure_nsc.o
 .comment       0x0000000000000043       0x44 ./Core/Src/stm32l5xx_hal_msp.o
 .comment       0x0000000000000043       0x44 ./Core/Src/stm32l5xx_it.o
 .comment       0x0000000000000043       0x44 ./Core/Src/system_stm32l5xx_s.o
 .comment       0x0000000000000043       0x44 ./Drivers/STM32L5xx_HAL_Driver/stm32l5xx_hal.o
 .comment       0x0000000000000043       0x44 ./Drivers/STM32L5xx_HAL_Driver/stm32l5xx_hal_cortex.o
 .comment       0x0000000000000043       0x44 ./Drivers/STM32L5xx_HAL_Driver/stm32l5xx_hal_gpio.o
 .comment       0x0000000000000043       0x44 ./Drivers/STM32L5xx_HAL_Driver/stm32l5xx_hal_gtzc.o

.debug_info     0x0000000000000000     0x54f9
 .debug_info    0x0000000000000000      0x750 ./Core/Src/aes.o
 .debug_info    0x0000000000000750      0xaab ./Core/Src/main.o
 .debug_info    0x00000000000011fb      0x308 ./Core/Src/secure_nsc.o
 .debug_info    0x0000000000001503      0x394 ./Core/Src/stm32l5xx_hal_msp.o
 .debug_info    0x0000000000001897      0x123 ./Core/Src/stm32l5xx_it.o
 .debug_info    0x00000000000019ba      0xa31 ./Core/Src/system_stm32l5xx_s.o
 .debug_info    0x00000000000023eb       0x23 ./Core/Startup/startup_stm32l552zetxq.o
 .debug_info    0x000000000000240e      0xd6d ./Drivers/STM32L5xx_HAL_Driver/stm32l5xx_hal.o
 .debug_info    0x000000000000317b     0x1142 ./Drivers/STM32L5xx_HAL_Driver/stm32l5xx_hal_cortex.o
 .debug_info    0x00000000000042bd      0x6b0 ./Drivers/STM32L5xx_HAL_Driver/stm32l5xx_hal_gpio.o
 .debug_info    0x000000000000496d      0xb8c ./Drivers/STM32L5xx_HAL_Driver/stm32l5xx_hal_gtzc.o

.debug_abbrev   0x0000000000000000     0x1288
 .debug_abbrev  0x0000000000000000      0x202 ./Core/Src/aes.o
 .debug_abbrev  0x0000000000000202      0x23e ./Core/Src/main.o
 .debug_abbrev  0x0000000000000440      0x1b0 ./Core/Src/secure_nsc.o
 .debug_abbrev  0x00000000000005f0       0xe9 ./Core/Src/stm32l5xx_hal_msp.o
 .debug_abbrev  0x00000000000006d9       0x73 ./Core/Src/stm32l5xx_it.o
 .debug_abbrev  0x000000000000074c      0x187 ./Core/Src/system_stm32l5xx_s.o
 .debug_abbrev  0x00000000000008d3       0x12 ./Core/Startup/startup_stm32l552zetxq.o
 .debug_abbrev  0x00000000000008e5      0x2e0 ./Drivers/STM32L5xx_HAL_Driver/stm32l5xx_hal.o
 .debug_abbrev  0x0000000000000bc5      0x32c ./Drivers/STM32L5xx_HAL_Driver/stm32l5xx_hal_cortex.o
 .debug_abbrev  0x0000000000000ef1      0x1c2 ./Drivers/STM32L5xx_HAL_Driver/stm32l5xx_hal_gpio.o
 .debug_abbrev  0x00000000000010b3      0x1d5 ./Drivers/STM32L5xx_HAL_Driver/stm32l5xx_hal_gtzc.o

.debug_aranges  0x0000000000000000      0x5d0
 .debug_aranges
                0x0000000000000000       0xb8 ./Core/Src/aes.o
 .debug_aranges
                0x00000000000000b8       0x40 ./Core/Src/main.o
 .debug_aranges
                0x00000000000000f8       0x38 ./Core/Src/secure_nsc.o
 .debug_aranges
                0x0000000000000130       0x20 ./Core/Src/stm32l5xx_hal_msp.o
 .debug_aranges
                0x0000000000000150       0x68 ./Core/Src/stm32l5xx_it.o
 .debug_aranges
                0x00000000000001b8       0x38 ./Core/Src/system_stm32l5xx_s.o
 .debug_aranges
                0x00000000000001f0       0x28 ./Core/Startup/startup_stm32l552zetxq.o
 .debug_aranges
                0x0000000000000218      0x140 ./Drivers/STM32L5xx_HAL_Driver/stm32l5xx_hal.o
 .debug_aranges
                0x0000000000000358      0x150 ./Drivers/STM32L5xx_HAL_Driver/stm32l5xx_hal_cortex.o
 .debug_aranges
                0x00000000000004a8       0x70 ./Drivers/STM32L5xx_HAL_Driver/stm32l5xx_hal_gpio.o
 .debug_aranges
                0x0000000000000518       0xb8 ./Drivers/STM32L5xx_HAL_Driver/stm32l5xx_hal_gtzc.o

.debug_rnglists
                0x0000000000000000      0x446
 .debug_rnglists
                0x0000000000000000       0x8b ./Core/Src/aes.o
 .debug_rnglists
                0x000000000000008b       0x2e ./Core/Src/main.o
 .debug_rnglists
                0x00000000000000b9       0x29 ./Core/Src/secure_nsc.o
 .debug_rnglists
                0x00000000000000e2       0x13 ./Core/Src/stm32l5xx_hal_msp.o
 .debug_rnglists
                0x00000000000000f5       0x49 ./Core/Src/stm32l5xx_it.o
 .debug_rnglists
                0x000000000000013e       0x28 ./Core/Src/system_stm32l5xx_s.o
 .debug_rnglists
                0x0000000000000166       0x19 ./Core/Startup/startup_stm32l552zetxq.o
 .debug_rnglists
                0x000000000000017f       0xeb ./Drivers/STM32L5xx_HAL_Driver/stm32l5xx_hal.o
 .debug_rnglists
                0x000000000000026a       0xf7 ./Drivers/STM32L5xx_HAL_Driver/stm32l5xx_hal_cortex.o
 .debug_rnglists
                0x0000000000000361       0x51 ./Drivers/STM32L5xx_HAL_Driver/stm32l5xx_hal_gpio.o
 .debug_rnglists
                0x00000000000003b2       0x94 ./Drivers/STM32L5xx_HAL_Driver/stm32l5xx_hal_gtzc.o

.debug_macro    0x0000000000000000    0x27395
 .debug_macro   0x0000000000000000      0x170 ./Core/Src/aes.o
 .debug_macro   0x0000000000000170      0xaae ./Core/Src/aes.o
 .debug_macro   0x0000000000000c1e       0x22 ./Core/Src/aes.o
 .debug_macro   0x0000000000000c40       0x5b ./Core/Src/aes.o
 .debug_macro   0x0000000000000c9b       0x2a ./Core/Src/aes.o
 .debug_macro   0x0000000000000cc5       0x94 ./Core/Src/aes.o
 .debug_macro   0x0000000000000d59       0x43 ./Core/Src/aes.o
 .debug_macro   0x0000000000000d9c       0x34 ./Core/Src/aes.o
 .debug_macro   0x0000000000000dd0      0x174 ./Core/Src/aes.o
 .debug_macro   0x0000000000000f44       0x16 ./Core/Src/aes.o
 .debug_macro   0x0000000000000f5a       0x43 ./Core/Src/aes.o
 .debug_macro   0x0000000000000f9d       0x57 ./Core/Src/aes.o
 .debug_macro   0x0000000000000ff4       0x34 ./Core/Src/aes.o
 .debug_macro   0x0000000000001028       0x10 ./Core/Src/aes.o
 .debug_macro   0x0000000000001038       0x58 ./Core/Src/aes.o
 .debug_macro   0x0000000000001090       0x8e ./Core/Src/aes.o
 .debug_macro   0x000000000000111e       0x1c ./Core/Src/aes.o
 .debug_macro   0x000000000000113a      0x177 ./Core/Src/aes.o
 .debug_macro   0x00000000000012b1      0x369 ./Core/Src/aes.o
 .debug_macro   0x000000000000161a       0x10 ./Core/Src/aes.o
 .debug_macro   0x000000000000162a       0x35 ./Core/Src/aes.o
 .debug_macro   0x000000000000165f       0x20 ./Core/Src/aes.o
 .debug_macro   0x000000000000167f      0x103 ./Core/Src/aes.o
 .debug_macro   0x0000000000001782       0x6a ./Core/Src/aes.o
 .debug_macro   0x00000000000017ec      0x1df ./Core/Src/aes.o
 .debug_macro   0x00000000000019cb       0x2e ./Core/Src/aes.o
 .debug_macro   0x00000000000019f9      0x1f4 ./Core/Src/main.o
 .debug_macro   0x0000000000001bed       0x16 ./Core/Src/main.o
 .debug_macro   0x0000000000001c03      0x190 ./Core/Src/main.o
 .debug_macro   0x0000000000001d93       0x63 ./Core/Src/main.o
 .debug_macro   0x0000000000001df6       0x2e ./Core/Src/main.o
 .debug_macro   0x0000000000001e24       0x42 ./Core/Src/main.o
 .debug_macro   0x0000000000001e66       0x8e ./Core/Src/main.o
 .debug_macro   0x0000000000001ef4       0x51 ./Core/Src/main.o
 .debug_macro   0x0000000000001f45       0x1c ./Core/Src/main.o
 .debug_macro   0x0000000000001f61       0x29 ./Core/Src/main.o
 .debug_macro   0x0000000000001f8a       0xfb ./Core/Src/main.o
 .debug_macro   0x0000000000002085     0x1486 ./Core/Src/main.o
 .debug_macro   0x000000000000350b       0x5e ./Core/Src/main.o
 .debug_macro   0x0000000000003569    0x1aca2 ./Core/Src/main.o
 .debug_macro   0x000000000001e20b       0x6c ./Core/Src/main.o
 .debug_macro   0x000000000001e277     0x3535 ./Core/Src/main.o
 .debug_macro   0x00000000000217ac       0x5c ./Core/Src/main.o
 .debug_macro   0x0000000000021808     0x1995 ./Core/Src/main.o
 .debug_macro   0x000000000002319d      0xa52 ./Core/Src/main.o
 .debug_macro   0x0000000000023bef      0x1e4 ./Core/Src/main.o
 .debug_macro   0x0000000000023dd3      0x1d8 ./Core/Src/main.o
 .debug_macro   0x0000000000023fab      0x50b ./Core/Src/main.o
 .debug_macro   0x00000000000244b6      0x1ab ./Core/Src/main.o
 .debug_macro   0x0000000000024661       0x4a ./Core/Src/main.o
 .debug_macro   0x00000000000246ab      0x1b9 ./Core/Src/main.o
 .debug_macro   0x0000000000024864      0x23e ./Core/Src/main.o
 .debug_macro   0x0000000000024aa2      0x432 ./Core/Src/main.o
 .debug_macro   0x0000000000024ed4       0x4f ./Core/Src/main.o
 .debug_macro   0x0000000000024f23      0x131 ./Core/Src/main.o
 .debug_macro   0x0000000000025054      0x325 ./Core/Src/main.o
 .debug_macro   0x0000000000025379      0x22c ./Core/Src/main.o
 .debug_macro   0x00000000000255a5       0x5b ./Core/Src/main.o
 .debug_macro   0x0000000000025600       0xa5 ./Core/Src/main.o
 .debug_macro   0x00000000000256a5       0xc8 ./Core/Src/main.o
 .debug_macro   0x000000000002576d      0x1a7 ./Core/Src/main.o
 .debug_macro   0x0000000000025914      0x487 ./Core/Src/main.o
 .debug_macro   0x0000000000025d9b      0x445 ./Core/Src/main.o
 .debug_macro   0x00000000000261e0      0x217 ./Core/Src/secure_nsc.o
 .debug_macro   0x00000000000263f7      0x1ee ./Core/Src/stm32l5xx_hal_msp.o
 .debug_macro   0x00000000000265e5      0x1f8 ./Core/Src/stm32l5xx_it.o
 .debug_macro   0x00000000000267dd      0x1fe ./Core/Src/system_stm32l5xx_s.o
 .debug_macro   0x00000000000269db      0x17e ./Core/Src/system_stm32l5xx_s.o
 .debug_macro   0x0000000000026b59      0x215 ./Drivers/STM32L5xx_HAL_Driver/stm32l5xx_hal.o
 .debug_macro   0x0000000000026d6e      0x1e5 ./Drivers/STM32L5xx_HAL_Driver/stm32l5xx_hal_cortex.o
 .debug_macro   0x0000000000026f53      0x1eb ./Drivers/STM32L5xx_HAL_Driver/stm32l5xx_hal_gpio.o
 .debug_macro   0x000000000002713e      0x257 ./Drivers/STM32L5xx_HAL_Driver/stm32l5xx_hal_gtzc.o

.debug_line     0x0000000000000000     0x6e33
 .debug_line    0x0000000000000000      0xdd8 ./Core/Src/aes.o
 .debug_line    0x0000000000000dd8      0x7f1 ./Core/Src/main.o
 .debug_line    0x00000000000015c9      0x7f0 ./Core/Src/secure_nsc.o
 .debug_line    0x0000000000001db9      0x712 ./Core/Src/stm32l5xx_hal_msp.o
 .debug_line    0x00000000000024cb      0x7ec ./Core/Src/stm32l5xx_it.o
 .debug_line    0x0000000000002cb7      0x861 ./Core/Src/system_stm32l5xx_s.o
 .debug_line    0x0000000000003518       0x79 ./Core/Startup/startup_stm32l552zetxq.o
 .debug_line    0x0000000000003591      0xbbd ./Drivers/STM32L5xx_HAL_Driver/stm32l5xx_hal.o
 .debug_line    0x000000000000414e      0xddf ./Drivers/STM32L5xx_HAL_Driver/stm32l5xx_hal_cortex.o
 .debug_line    0x0000000000004f2d      0xc31 ./Drivers/STM32L5xx_HAL_Driver/stm32l5xx_hal_gpio.o
 .debug_line    0x0000000000005b5e     0x12d5 ./Drivers/STM32L5xx_HAL_Driver/stm32l5xx_hal_gtzc.o

.debug_str      0x0000000000000000    0xf9acf
 .debug_str     0x0000000000000000     0x7272 ./Core/Src/aes.o
                                       0x749d (size before relaxing)
 .debug_str     0x0000000000007272    0xf0373 ./Core/Src/main.o
                                      0xf44bb (size before relaxing)
 .debug_str     0x00000000000f75e5       0xe5 ./Core/Src/secure_nsc.o
                                      0xf40bb (size before relaxing)
 .debug_str     0x00000000000f76ca       0x2c ./Core/Src/stm32l5xx_hal_msp.o
                                      0xf4125 (size before relaxing)
 .debug_str     0x00000000000f76f6       0xdd ./Core/Src/stm32l5xx_it.o
                                      0xf3ff9 (size before relaxing)
 .debug_str     0x00000000000f77d3      0x6f3 ./Core/Src/system_stm32l5xx_s.o
                                      0xf48bc (size before relaxing)
 .debug_str     0x00000000000f7ec6       0x35 ./Core/Startup/startup_stm32l552zetxq.o
                                         0x7a (size before relaxing)
 .debug_str     0x00000000000f7efb      0xc26 ./Drivers/STM32L5xx_HAL_Driver/stm32l5xx_hal.o
                                      0xf4e1d (size before relaxing)
 .debug_str     0x00000000000f8b21      0x41e ./Drivers/STM32L5xx_HAL_Driver/stm32l5xx_hal_cortex.o
                                      0xf4c31 (size before relaxing)
 .debug_str     0x00000000000f8f3f      0x204 ./Drivers/STM32L5xx_HAL_Driver/stm32l5xx_hal_gpio.o
                                      0xf4237 (size before relaxing)
 .debug_str     0x00000000000f9143      0x98c ./Drivers/STM32L5xx_HAL_Driver/stm32l5xx_hal_gtzc.o
                                      0xf49b9 (size before relaxing)

.debug_frame    0x0000000000000000     0x1644
 .debug_frame   0x0000000000000000      0x310 ./Core/Src/aes.o
 .debug_frame   0x0000000000000310       0xb4 ./Core/Src/main.o
 .debug_frame   0x00000000000003c4       0xcc ./Core/Src/secure_nsc.o
 .debug_frame   0x0000000000000490       0x38 ./Core/Src/stm32l5xx_hal_msp.o
 .debug_frame   0x00000000000004c8      0x11c ./Core/Src/stm32l5xx_it.o
 .debug_frame   0x00000000000005e4       0x98 ./Core/Src/system_stm32l5xx_s.o
 .debug_frame   0x000000000000067c      0x4f4 ./Drivers/STM32L5xx_HAL_Driver/stm32l5xx_hal.o
 .debug_frame   0x0000000000000b70      0x598 ./Drivers/STM32L5xx_HAL_Driver/stm32l5xx_hal_cortex.o
 .debug_frame   0x0000000000001108      0x1c4 ./Drivers/STM32L5xx_HAL_Driver/stm32l5xx_hal_gpio.o
 .debug_frame   0x00000000000012cc      0x32c ./Drivers/STM32L5xx_HAL_Driver/stm32l5xx_hal_gtzc.o
 .debug_frame   0x00000000000015f8       0x20 /Applications/STM32CubeIDE.app/Contents/Eclipse/plugins/com.st.stm32cube.ide.mcu.externaltools.gnu-tools-for-stm32.11.3.rel1.macos64_1.1.1.202309131626/tools/bin/../lib/gcc/arm-none-eabi/11.3.1/../../../../arm-none-eabi/lib/thumb/v8-m.main+fp/hard/libc_nano.a(libc_a-memset.o)
 .debug_frame   0x0000000000001618       0x2c /Applications/STM32CubeIDE.app/Contents/Eclipse/plugins/com.st.stm32cube.ide.mcu.externaltools.gnu-tools-for-stm32.11.3.rel1.macos64_1.1.1.202309131626/tools/bin/../lib/gcc/arm-none-eabi/11.3.1/../../../../arm-none-eabi/lib/thumb/v8-m.main+fp/hard/libc_nano.a(libc_a-init.o)

.debug_line_str
                0x0000000000000000       0x6e
 .debug_line_str
                0x0000000000000000       0x6e ./Core/Startup/startup_stm32l552zetxq.o
                                         0x87 (size before relaxing)
